------------------------------------------------------------
TimeQuest Timing Analyzer Summary
------------------------------------------------------------

Type  : Slow 1100mV 85C Model Setup 'clock'
Slack : 4.746
TNS   : 0.000

Type  : Slow 1100mV 85C Model Hold 'clock'
Slack : 0.286
TNS   : 0.000

Type  : Slow 1100mV 85C Model Minimum Pulse Width 'clock'
Slack : 8.604
TNS   : 0.000

Type  : Slow 1100mV 0C Model Setup 'clock'
Slack : 4.725
TNS   : 0.000

Type  : Slow 1100mV 0C Model Hold 'clock'
Slack : 0.272
TNS   : 0.000

Type  : Slow 1100mV 0C Model Minimum Pulse Width 'clock'
Slack : 8.600
TNS   : 0.000

Type  : Fast 1100mV 85C Model Setup 'clock'
Slack : 6.112
TNS   : 0.000

Type  : Fast 1100mV 85C Model Hold 'clock'
Slack : 0.163
TNS   : 0.000

Type  : Fast 1100mV 85C Model Minimum Pulse Width 'clock'
Slack : 8.220
TNS   : 0.000

Type  : Fast 1100mV 0C Model Setup 'clock'
Slack : 6.273
TNS   : 0.000

Type  : Fast 1100mV 0C Model Hold 'clock'
Slack : 0.152
TNS   : 0.000

Type  : Fast 1100mV 0C Model Minimum Pulse Width 'clock'
Slack : 8.193
TNS   : 0.000

------------------------------------------------------------
